// Jest Snapshot v1, https://goo.gl/fbAQLP

exports[`<ChatEnterForm /> should render correctly 1`] = `
<DocumentFragment>
  <form
    class="dp-pc_form show-hover"
  >
    <span>
      <div
        class="dp-pc_field"
      >
        <input
          class="dp-pc_input"
          description=""
          label="Full Name"
          name="name"
          placeholder="John Doe"
          type="text"
          validation="required"
          value="John Doe"
          values="[object Object]"
        />
        <span
          class="indicator"
        />
        <label
          class="dp-pc_label"
          for="field_1"
        >
          Full Name
        </label>
        <div
          class="divider"
        />
      </div>
    </span>
    <span>
      <div
        class="dp-pc_field"
      >
        <input
          class="dp-pc_input"
          description=""
          label="Email"
          name="email"
          placeholder="john.doe@company.com"
          type="text"
          validation="required"
          value="john.doe@deskpro.com"
          values="[object Object]"
        />
        <span
          class="indicator"
        />
        <label
          class="dp-pc_label"
          for="field_2"
        >
          Email
        </label>
        <div
          class="divider"
        />
      </div>
    </span>
    <span>
      <div
        class="dp-pc_field"
      >
        <div
          class="css-10nd86i react-select"
        >
          <div
            class="css-1aya2g8 react-select__control"
          >
            <div
              class="css-1rtrksz react-select__value-container react-select__value-container--has-value"
            >
              <div
                class="css-va7pk8 react-select__single-value"
              >
                Cloud
              </div>
              <div
                class="css-rsyb7x"
              >
                <div
                  class="react-select__input"
                  style="display: inline-block;"
                >
                  <input
                    aria-autocomplete="list"
                    autocapitalize="none"
                    autocomplete="off"
                    autocorrect="off"
                    id="react-select-2-input"
                    spellcheck="false"
                    style="box-sizing: content-box; width: 2px; border: 0px; font-size: inherit; opacity: 1; outline: 0; padding: 0px;"
                    tabindex="0"
                    type="text"
                    value=""
                  />
                  <div
                    style="position: absolute; top: 0px; left: 0px; visibility: hidden; height: 0px; overflow: scroll; white-space: pre; font-size: inherit; font-family: -webkit-small-control; letter-spacing: normal; text-transform: none;"
                  />
                </div>
              </div>
            </div>
            <div
              class="css-1wy0on6 react-select__indicators"
            >
              <div
                aria-hidden="true"
                class="css-1ep9fjw react-select__indicator react-select__clear-indicator"
              >
                <svg
                  aria-hidden="true"
                  class="css-19bqh2r"
                  focusable="false"
                  height="20"
                  viewBox="0 0 20 20"
                  width="20"
                >
                  <path
                    d="M14.348 14.849c-0.469 0.469-1.229 0.469-1.697 0l-2.651-3.030-2.651 3.029c-0.469 0.469-1.229 0.469-1.697 0-0.469-0.469-0.469-1.229 0-1.697l2.758-3.15-2.759-3.152c-0.469-0.469-0.469-1.228 0-1.697s1.228-0.469 1.697 0l2.652 3.031 2.651-3.031c0.469-0.469 1.228-0.469 1.697 0s0.469 1.229 0 1.697l-2.758 3.152 2.758 3.15c0.469 0.469 0.469 1.229 0 1.698z"
                  />
                </svg>
              </div>
              <span
                class="css-d8oujb react-select__indicator-separator"
              />
              <div
                aria-hidden="true"
                class="css-1ep9fjw react-select__indicator react-select__dropdown-indicator"
              >
                <svg
                  aria-hidden="true"
                  class="css-19bqh2r"
                  focusable="false"
                  height="20"
                  viewBox="0 0 20 20"
                  width="20"
                >
                  <path
                    d="M4.516 7.548c0.436-0.446 1.043-0.481 1.576 0l3.908 3.747 3.908-3.747c0.533-0.481 1.141-0.446 1.574 0 0.436 0.445 0.408 1.197 0 1.615-0.406 0.418-4.695 4.502-4.695 4.502-0.217 0.223-0.502 0.335-0.787 0.335s-0.57-0.112-0.789-0.335c0 0-4.287-4.084-4.695-4.502s-0.436-1.17 0-1.615z"
                  />
                </svg>
              </div>
            </div>
          </div>
          <input
            name="cloud_premise"
            type="hidden"
            value="cloud"
          />
        </div>
        <span
          class="indicator"
        />
        <label
          class="dp-pc_label"
          for="field_3"
        >
          Cloud or On-Premise
        </label>
        <div
          class="divider"
        />
      </div>
    </span>
    <button
      class="dpmsg-Button Button-FullWidth Button--medium Button--primary"
      type="submit"
    >
      <span>
        Start Conversation
      </span>
    </button>
  </form>
</DocumentFragment>
`;
